// Vitest Snapshot v1, https://vitest.dev/guide/snapshot.html

exports[`SequraWidgetModal > mount component 1`] = `
"<div class=\\"sequra__widget__modal__overlay\\">
  <div class=\\"sequra__widget__modal\\" role=\\"dialog\\" aria-labelledby=\\"sequra-widget__label\\" aria-hidden=\\"false\\">
    <div class=\\"sequra__widget__modal__header\\">
      <p id=\\"sequra-widget__label\\">Fracciona tu pago</p>
    </div>
    <div class=\\"sequra__widget__modal__body\\">
      <ol>
        <li>Eliges \\"Fracciona tu pago\\" al realizar tu pedido y pagas solo la primera cuota</li>
        <li>Recibes tu pedido</li>
        <li>El resto de pagos se cargarán automáticamente a tu tarjeta</li>
      </ol>
      <p>¡Así de simple!</p>
      <p> Además, en el importe mostrado ya se incluye la cuota única mensual de 5 €/mes por lo que no tendrás ninguna sorpresa. </p>
    </div>
  </div>
</div>"
`;
